# serializer version: 1
# name: test_get_radar_image_with_mock_data
  'test_radar()'
# ---
